POSITRONFIT - PATFIT18 EDITION 24-04-2018
INPUT FILE: 7525.pfc

 A ZERO IN THE SPECTRUM WAS DETECTED

P O S I T R O N F I T ...  24-APR-2018  ...  JOB TIME 17:53:56 25-FEB-24
************************************************************************
00001 Untitled 14:00:54.72 25-FEB-24
IN FILE: 7525.dat
************************************************************************
DATASET  1                                    LT LN LX SX IX BG TZ AR GA
                                               3  0  0  0  0  0  0  0  3
TIME SCALE   NS/CHANNEL       :   0.003000
AREA RANGE   STARTS IN CH     1 AND ENDS IN CH 10000
FIT RANGE    STARTS IN CH  2939 AND ENDS IN CH  8608

RESOLUTION   FWHM (NS)        :     0.2036    0.3022    0.1573
FUNCTION     INTENSITIES (%)  :    60.0000   30.0000   10.0000
             SHIFTS (NS)      :     0.0000    0.0203   -0.0847

----------------- I N I T I A L   P A R A M E T E R S ------------------
             TIME-ZERO(CHTIME):  3009.0000G
             LIFETIMES (NS)   :     0.3135G   0.4420G   2.0000G


 ----------------- N O  S O U R C E  C O R R E C T I O N ----------------


####################### F I N A L  R E S U L T S #######################
DATASET  1                                    LT LN LX SX IX BG TZ AR GA
                                               3  0  0  0  0  0  0  0  3
CONVERGENCE OBTAINED AFTER  10 ITERATIONS
CHI-SQUARE =      4406.79   WITH     5662 DEGREES OF FREEDOM
REDUCED CHI-SQUARE = CHI-SQUARE/DOF =    0.778  WITH STD DEVIATION 0.019
SIGNIFICANCE OF IMPERFECT MODEL =   0.00 %

LIFE.COMP.   LIFETIMES (NS)   :     0.3145    0.4443    1.8792
             STD DEVIATIONS   :     0.0031    0.0111    0.1371

             INTENSITIES (%)  :    75.0641   24.7740    0.1619
             STD DEVIATIONS   :     3.7376    3.7213    0.0220

             MEAN LIFETIME    :     0.3492
             STD DEVIATION    :     0.0002

BACKGROUND   COUNTS/CHANNEL   :     0.5251
             STD DEVIATIONS   :     0.0259

TIME-ZERO    CHANNEL TIME     :  3000.0068
             STD DEVIATIONS   :     0.0334

TOTAL AREA   FROM FIT         : 1.00052E+07      FROM TABLE: 1.00050E+07

######################### P O S I T R O N F I T ########################

 TOTAL CPU TIME:     0.12 SECONDS.
