POSITRONFIT - PATFIT18 EDITION 24-04-2018
INPUT FILE: 9010.pfc

 A ZERO IN THE SPECTRUM WAS DETECTED

P O S I T R O N F I T ...  24-APR-2018  ...  JOB TIME 17:53:53 25-FEB-24
************************************************************************
00001 Untitled 14:02:28.06 25-FEB-24
IN FILE: 9010.dat
************************************************************************
DATASET  1                                    LT LN LX SX IX BG TZ AR GA
                                               3  0  0  0  0  0  0  0  3
TIME SCALE   NS/CHANNEL       :   0.003000
AREA RANGE   STARTS IN CH     1 AND ENDS IN CH 10000
FIT RANGE    STARTS IN CH  2939 AND ENDS IN CH  8607

RESOLUTION   FWHM (NS)        :     0.2036    0.3022    0.1573
FUNCTION     INTENSITIES (%)  :    60.0000   30.0000   10.0000
             SHIFTS (NS)      :     0.0000    0.0203   -0.0847

----------------- I N I T I A L   P A R A M E T E R S ------------------
             TIME-ZERO(CHTIME):  3009.0000G
             LIFETIMES (NS)   :     0.3322G   0.4420G   2.0000G


 ----------------- N O  S O U R C E  C O R R E C T I O N ----------------


####################### F I N A L  R E S U L T S #######################
DATASET  1                                    LT LN LX SX IX BG TZ AR GA
                                               3  0  0  0  0  0  0  0  3
CONVERGENCE OBTAINED AFTER   7 ITERATIONS
CHI-SQUARE =      4407.99   WITH     5661 DEGREES OF FREEDOM
REDUCED CHI-SQUARE = CHI-SQUARE/DOF =    0.779  WITH STD DEVIATION 0.019
SIGNIFICANCE OF IMPERFECT MODEL =   0.00 %

LIFE.COMP.   LIFETIMES (NS)   :     0.3333    0.4547    1.8907
             STD DEVIATIONS   :     0.0030    0.0519    0.1437

             INTENSITIES (%)  :    93.5745    6.2661    0.1594
             STD DEVIATIONS   :     4.7863    4.7687    0.0228

             MEAN LIFETIME    :     0.3434
             STD DEVIATION    :     0.0002

BACKGROUND   COUNTS/CHANNEL   :     0.5248
             STD DEVIATIONS   :     0.0262

TIME-ZERO    CHANNEL TIME     :  3000.0067
             STD DEVIATIONS   :     0.0324

TOTAL AREA   FROM FIT         : 1.00052E+07      FROM TABLE: 1.00050E+07

######################### P O S I T R O N F I T ########################

 TOTAL CPU TIME:     0.09 SECONDS.
